---
source: tests/asm_snapshots.rs
expression: asm
---
<bigints::i256::Int256 as core::ops::arith::Mul>::mul:
	sub sp, sp, #128
	stp x29, x30, [sp, #96]
	str x19, [sp, #112]
	add x29, sp, #96
	ldp q0, q1, [x0]
	mov x19, x8
	mov x8, sp
	add x0, sp, #32
	stp q0, q1, [sp, #32]
	ldp q0, q2, [x1]
	sub x1, x29, #32
	stp q0, q2, [x29, #-32]
	bl <bigints::u256::Uint256 as core::ops::arith::Mul>::mul
	ldp q0, q1, [sp]
	stp q0, q1, [x19]
	ldp x29, x30, [sp, #96]
	ldr x19, [sp, #112]
	add sp, sp, #128
	ret
