---
source: tests/asm_snapshots.rs
expression: asm
---
.section .text.<bigints::u128::Uint128 as core::ops::arith::Add>::add,"ax",@progbits
	.globl	<bigints::u128::Uint128 as core::ops::arith::Add>::add
	.p2align	4
.type	<bigints::u128::Uint128 as core::ops::arith::Add>::add,@function
<bigints::u128::Uint128 as core::ops::arith::Add>::add:
	.cfi_startproc
	mov rax, rdi
	add rax, rdx
	adc rsi, rcx
	mov rdx, rsi
	ret
