---
source: tests/asm_snapshots.rs
expression: asm
---
.section .text.<bigints::i64::Int64 as core::ops::arith::Mul>::mul,"ax",@progbits
	.globl	<bigints::i64::Int64 as core::ops::arith::Mul>::mul
	.p2align	4
.type	<bigints::i64::Int64 as core::ops::arith::Mul>::mul,@function
<bigints::i64::Int64 as core::ops::arith::Mul>::mul:
	.cfi_startproc
	push esi
	.cfi_def_cfa_offset 8
	.cfi_offset esi, -8
	mov ecx, dword ptr [esp + 16]
	mov esi, dword ptr [esp + 8]
	mov eax, ecx
	imul ecx, dword ptr [esp + 12]
	mul esi
	imul esi, dword ptr [esp + 20]
	add ecx, esi
	add edx, ecx
	pop esi
	.cfi_def_cfa_offset 4
	ret
