---
source: tests/asm_snapshots.rs
expression: asm
---
.section .text.<bigints::i128::Int128 as core::ops::arith::Div>::div,"ax",@progbits
	.globl	<bigints::i128::Int128 as core::ops::arith::Div>::div
	.p2align	1
.type	<bigints::i128::Int128 as core::ops::arith::Div>::div,@function
<bigints::i128::Int128 as core::ops::arith::Div>::div:
	.cfi_startproc
	addi sp, sp, -16
	.cfi_def_cfa_offset 16
	sd ra, 8(sp)
	.cfi_offset ra, -8
	.cfi_remember_state
	or a4, a2, a3
	beqz a4, .LBB_4
	li a4, -1
	slli a5, a4, 63
	xor a5, a5, a1
	or a5, a5, a0
	bnez a5, .LBB_3
	and a5, a2, a3
	beq a5, a4, .LBB_5
.LBB_3:
	call __divti3
	ld ra, 8(sp)
	.cfi_restore ra
	addi sp, sp, 16
	.cfi_def_cfa_offset 0
	ret
.LBB_4:
	.cfi_restore_state
.Lpcrel_hi12:
	auipc a0, %pcrel_hi(.Lanon.19)
	addi a0, a0, %pcrel_lo(.Lpcrel_hi12)
	call core::panicking::panic_const::panic_const_div_by_zero
.LBB_5:
.Lpcrel_hi13:
	auipc a0, %pcrel_hi(.Lanon.19)
	addi a0, a0, %pcrel_lo(.Lpcrel_hi13)
	call core::panicking::panic_const::panic_const_div_overflow
